// Jest Snapshot v1, https://goo.gl/fbAQLP

exports[`Snapshot test for the full app matches the snapshot 1`] = `
Array [
  <header
    className="header"
  >
    <h1>
      Counters R Fun
    </h1>
  </header>,
  <section
    className="counter"
  >
    <span
      className="downclicker"
      onClick={[Function]}
    >
       
      -
       
    </span>
    <span
      className="count "
    >
      0
    </span>
    <span
      className="upclicker"
      onClick={[Function]}
    >
       
      +
       
    </span>
  </section>,
  <footer
    className="footer"
  >
    Â© 2018 Code Fellows
  </footer>,
]
`;
